[2026-06-04 01:07:28] [INFO] [test_search_package_tc01] ✅ PASSED (4.49s)
[2026-06-04 01:07:54] [ERROR] [test_search_package_tc02] ❌ FAILED (23.41s)
[2026-06-04 01:07:55] [ERROR] 📸 Screenshot: screenshots/test_search_package_tc02.png
[2026-06-04 01:07:55] [ERROR] 📍 File: /Users/user/Library/Python/3.9/lib/python/site-packages/selenium/webdriver/support/wait.py
[2026-06-04 01:07:55] [ERROR] 📍 Line: 138
[2026-06-04 01:07:55] [ERROR] 📍 Error: selenium.common.exceptions.TimeoutException: Message: 
Stacktrace:
NoSuchElementError: An element could not be located on the page using the given search parameters.
    at XCUITestDriver.doNativeFind (/Users/user/node_modules/appium-xcuitest-driver/lib/commands/find.ts:205:13)
    at processTicksAndRejections (node:internal/process/task_queues:95:5)
    at XCUITestDriver.findNativeElementOrElements (/Users/user/node_modules/appium-xcuitest-driver/lib/commands/find.ts:130:7)
    at XCUITestDriver.findElOrEls (/Users/user/node_modules/appium-xcuitest-driver/lib/commands/find.ts:54:7)
    at XCUITestDriver.findElOrElsWithProcessing (/Users/user/.nvm/versions/node/v20.20.2/lib/node_modules/appium/node_modules/@appium/base-driver/lib/basedriver/commands/find.ts:60:12)
    at XCUITestDriver.findElement (/Users/user/.nvm/versions/node/v20.20.2/lib/node_modules/appium/node_modules/@appium/base-driver/lib/basedriver/commands/find.ts:75:12)
[2026-06-04 01:08:02] [INFO] [test_search_package_tc03] ✅ PASSED (4.49s)
[2026-06-04 01:08:07] [INFO] [test_click_avata_tc04] ✅ PASSED (1.92s)
[2026-06-04 01:08:12] [INFO] [test_click_notification_tc05] ✅ PASSED (2.52s)
[2026-06-04 01:08:18] [INFO] [test_click_menu] ✅ PASSED (2.49s)
[2026-06-04 01:08:23] [INFO] [test_click_information_tc07] ✅ PASSED (2.2s)
[2026-06-04 01:08:28] [INFO] [test_click_infor_subcriber_tc08] ✅ PASSED (3.12s)
[2026-06-04 01:08:35] [INFO] [test_click_infor_lookup_tc09] ✅ PASSED (3.6s)
[2026-06-04 01:08:41] [INFO] [test_click_deposite_history_tc10] ✅ PASSED (3.33s)
[2026-06-04 01:08:47] [INFO] [test_click_subcriber_history_tc11] ✅ PASSED (3.26s)
[2026-06-04 01:08:58] [INFO] [test_click_buy_pakage_tc12] ✅ PASSED (8.3s)
[2026-06-04 01:09:31] [ERROR] [test_click_card_kndl_tc13_1] ❌ FAILED (29.85s)
[2026-06-04 01:09:31] [ERROR] 📸 Screenshot: screenshots/test_click_card_kndl_tc13_1.png
[2026-06-04 01:09:31] [ERROR] 📍 File: /Users/user/Library/Python/3.9/lib/python/site-packages/selenium/webdriver/support/wait.py
[2026-06-04 01:09:31] [ERROR] 📍 Line: 138
[2026-06-04 01:09:31] [ERROR] 📍 Error: selenium.common.exceptions.TimeoutException: Message: 
Stacktrace:
NoSuchElementError: An element could not be located on the page using the given search parameters.
    at XCUITestDriver.doNativeFind (/Users/user/node_modules/appium-xcuitest-driver/lib/commands/find.ts:205:13)
    at processTicksAndRejections (node:internal/process/task_queues:95:5)
    at XCUITestDriver.findNativeElementOrElements (/Users/user/node_modules/appium-xcuitest-driver/lib/commands/find.ts:130:7)
    at XCUITestDriver.findElOrEls (/Users/user/node_modules/appium-xcuitest-driver/lib/commands/find.ts:54:7)
    at XCUITestDriver.findElOrElsWithProcessing (/Users/user/.nvm/versions/node/v20.20.2/lib/node_modules/appium/node_modules/@appium/base-driver/lib/basedriver/commands/find.ts:60:12)
    at XCUITestDriver.findElement (/Users/user/.nvm/versions/node/v20.20.2/lib/node_modules/appium/node_modules/@appium/base-driver/lib/basedriver/commands/find.ts:75:12)
[2026-06-04 01:09:51] [INFO] [test_click_utilities_tc13_2] ✅ PASSED (17.12s)
[2026-06-04 01:10:19] [ERROR] [test_register_D5_tc14] ❌ FAILED (24.65s)
[2026-06-04 01:10:19] [ERROR] 📸 Screenshot: screenshots/test_register_D5_tc14.png
[2026-06-04 01:10:19] [ERROR] 📍 File: /Users/user/Library/Python/3.9/lib/python/site-packages/selenium/webdriver/support/wait.py
[2026-06-04 01:10:19] [ERROR] 📍 Line: 138
[2026-06-04 01:10:19] [ERROR] 📍 Error: selenium.common.exceptions.TimeoutException: Message: 
Stacktrace:
NoSuchElementError: An element could not be located on the page using the given search parameters.
    at XCUITestDriver.doNativeFind (/Users/user/node_modules/appium-xcuitest-driver/lib/commands/find.ts:205:13)
    at processTicksAndRejections (node:internal/process/task_queues:95:5)
    at XCUITestDriver.findNativeElementOrElements (/Users/user/node_modules/appium-xcuitest-driver/lib/commands/find.ts:130:7)
    at XCUITestDriver.findElOrEls (/Users/user/node_modules/appium-xcuitest-driver/lib/commands/find.ts:54:7)
    at XCUITestDriver.findElOrElsWithProcessing (/Users/user/.nvm/versions/node/v20.20.2/lib/node_modules/appium/node_modules/@appium/base-driver/lib/basedriver/commands/find.ts:60:12)
    at XCUITestDriver.findElement (/Users/user/.nvm/versions/node/v20.20.2/lib/node_modules/appium/node_modules/@appium/base-driver/lib/basedriver/commands/find.ts:75:12)
[2026-06-04 01:10:35] [INFO] [test_unregister_tc15] ✅ PASSED (12.67s)
[2026-06-04 01:10:52] [ERROR] [test_services_register_tc16] ❌ FAILED (14.47s)
[2026-06-04 01:10:52] [ERROR] 📸 Screenshot: screenshots/test_services_register_tc16.png
[2026-06-04 01:10:52] [ERROR] 📍 File: /Users/user/Documents/My Mobifone - Auto/Production/ios-pro/tests_TC/Login/test_1homepage_login.py
[2026-06-04 01:10:52] [ERROR] 📍 Line: 177
[2026-06-04 01:10:52] [ERROR] 📍 Error: AssertionError: assert False
 +  where False = is_result_displayed('Thu\xea bao kh\xf4ng thu\u1ed9c')
 +    where is_result_displayed = <pages.HomePage_page.HomePage object at 0x11430fcd0>.is_result_displayed
[2026-06-04 01:11:21] [ERROR] [test_services_unregister_tc17] ❌ FAILED (25.42s)
[2026-06-04 01:11:21] [ERROR] 📸 Screenshot: screenshots/test_services_unregister_tc17.png
[2026-06-04 01:11:21] [ERROR] 📍 File: /Users/user/Library/Python/3.9/lib/python/site-packages/selenium/webdriver/support/wait.py
[2026-06-04 01:11:21] [ERROR] 📍 Line: 138
[2026-06-04 01:11:21] [ERROR] 📍 Error: selenium.common.exceptions.TimeoutException: Message: 
Stacktrace:
NoSuchElementError: An element could not be located on the page using the given search parameters.
    at XCUITestDriver.doNativeFind (/Users/user/node_modules/appium-xcuitest-driver/lib/commands/find.ts:205:13)
    at processTicksAndRejections (node:internal/process/task_queues:95:5)
    at XCUITestDriver.findNativeElementOrElements (/Users/user/node_modules/appium-xcuitest-driver/lib/commands/find.ts:130:7)
    at XCUITestDriver.findElOrEls (/Users/user/node_modules/appium-xcuitest-driver/lib/commands/find.ts:54:7)
    at XCUITestDriver.findElOrElsWithProcessing (/Users/user/.nvm/versions/node/v20.20.2/lib/node_modules/appium/node_modules/@appium/base-driver/lib/basedriver/commands/find.ts:60:12)
    at XCUITestDriver.findElement (/Users/user/.nvm/versions/node/v20.20.2/lib/node_modules/appium/node_modules/@appium/base-driver/lib/basedriver/commands/find.ts:75:12)
[2026-06-04 01:11:40] [ERROR] [test_unregister_my_pakage_tc18] ❌ FAILED (16.4s)
[2026-06-04 01:11:40] [ERROR] 📸 Screenshot: screenshots/test_unregister_my_pakage_tc18.png
[2026-06-04 01:11:40] [ERROR] 📍 File: /Users/user/Documents/My Mobifone - Auto/Production/ios-pro/pages/HomePage_page.py
[2026-06-04 01:11:40] [ERROR] 📍 Line: 97
[2026-06-04 01:11:40] [ERROR] 📍 Error: Exception: ❌ Không tìm thấy: Gia hạn gói cước
[2026-06-04 01:11:45] [ERROR] [test_extend_pakage_tc19] ❌ FAILED (1.84s)
[2026-06-04 01:11:45] [ERROR] 📸 Screenshot: screenshots/test_extend_pakage_tc19.png
[2026-06-04 01:11:45] [ERROR] 📍 File: /Users/user/Library/Python/3.9/lib/python/site-packages/appium/webdriver/errorhandler.py
[2026-06-04 01:11:45] [ERROR] 📍 Line: 125
[2026-06-04 01:11:45] [ERROR] 📍 Error: selenium.common.exceptions.NoSuchElementException: Message: An element could not be located on the page using the given search parameters.; For documentation on this error, please visit: https://www.selenium.dev/documentation/webdriver/troubleshooting/errors#nosuchelementexception
Stacktrace:
NoSuchElementError: An element could not be located on the page using the given search parameters.
    at XCUITestDriver.doNativeFind (/Users/user/node_modules/appium-xcuitest-driver/lib/commands/find.ts:205:13)
    at processTicksAndRejections (node:internal/process/task_queues:95:5)
    at XCUITestDriver.findNativeElementOrElements (/Users/user/node_modules/appium-xcuitest-driver/lib/commands/find.ts:130:7)
    at XCUITestDriver.findElOrEls (/Users/user/node_modules/appium-xcuitest-driver/lib/commands/find.ts:54:7)
    at XCUITestDriver.findElOrElsWithProcessing (/Users/user/.nvm/versions/node/v20.20.2/lib/node_modules/appium/node_modules/@appium/base-driver/lib/basedriver/commands/find.ts:60:12)
    at XCUITestDriver.findElement (/Users/user/.nvm/versions/node/v20.20.2/lib/node_modules/appium/node_modules/@appium/base-driver/lib/basedriver/commands/find.ts:75:12)
[2026-06-04 01:12:05] [ERROR] [test_unextend_pakage_tc20] ❌ FAILED (16.5s)
[2026-06-04 01:12:05] [ERROR] 📸 Screenshot: screenshots/test_unextend_pakage_tc20.png
[2026-06-04 01:12:05] [ERROR] 📍 File: /Users/user/Documents/My Mobifone - Auto/Production/ios-pro/pages/HomePage_page.py
[2026-06-04 01:12:05] [ERROR] 📍 Line: 97
[2026-06-04 01:12:05] [ERROR] 📍 Error: Exception: ❌ Không tìm thấy: Gia hạn gói cước
[2026-06-04 01:12:24] [ERROR] [test_reschedule_tc21] ❌ FAILED (16.53s)
[2026-06-04 01:12:25] [ERROR] 📸 Screenshot: screenshots/test_reschedule_tc21.png
[2026-06-04 01:12:25] [ERROR] 📍 File: /Users/user/Documents/My Mobifone - Auto/Production/ios-pro/pages/HomePage_page.py
[2026-06-04 01:12:25] [ERROR] 📍 Line: 97
[2026-06-04 01:12:25] [ERROR] 📍 Error: Exception: ❌ Không tìm thấy: Đổi lịch hẹn
[2026-06-04 01:12:44] [ERROR] [test_cancel_shedule_tc22] ❌ FAILED (16.33s)
[2026-06-04 01:12:44] [ERROR] 📸 Screenshot: screenshots/test_cancel_shedule_tc22.png
[2026-06-04 01:12:44] [ERROR] 📍 File: /Users/user/Documents/My Mobifone - Auto/Production/ios-pro/pages/HomePage_page.py
[2026-06-04 01:12:44] [ERROR] 📍 Line: 97
[2026-06-04 01:12:44] [ERROR] 📍 Error: Exception: ❌ Không tìm thấy: Đổi lịch hẹn
[2026-06-04 01:12:49] [INFO] [test_buy_pakage_tc23] ✅ PASSED (2.05s)
[2026-06-04 01:12:56] [ERROR] [test_recharge_tc24] ❌ FAILED (4.41s)
[2026-06-04 01:12:57] [ERROR] 📸 Screenshot: screenshots/test_recharge_tc24.png
[2026-06-04 01:12:57] [ERROR] 📍 File: /Users/user/Documents/My Mobifone - Auto/Production/ios-pro/tests_TC/Login/test_1homepage_login.py
[2026-06-04 01:12:57] [ERROR] 📍 Line: 268
[2026-06-04 01:12:57] [ERROR] 📍 Error: AssertionError: assert False
 +  where False = is_result_displayed('Thanh to\xe1n')
 +    where is_result_displayed = <pages.HomePage_page.HomePage object at 0x114161d90>.is_result_displayed
[2026-06-04 01:13:25] [ERROR] [test_change_number_tc25] ❌ FAILED (25.89s)
[2026-06-04 01:13:26] [ERROR] 📸 Screenshot: screenshots/test_change_number_tc25.png
[2026-06-04 01:13:26] [ERROR] 📍 File: /Users/user/Library/Python/3.9/lib/python/site-packages/selenium/webdriver/support/wait.py
[2026-06-04 01:13:26] [ERROR] 📍 Line: 138
[2026-06-04 01:13:26] [ERROR] 📍 Error: selenium.common.exceptions.TimeoutException: Message: 
Stacktrace:
NoSuchElementError: An element could not be located on the page using the given search parameters.
    at XCUITestDriver.doNativeFind (/Users/user/node_modules/appium-xcuitest-driver/lib/commands/find.ts:205:13)
    at processTicksAndRejections (node:internal/process/task_queues:95:5)
    at XCUITestDriver.findNativeElementOrElements (/Users/user/node_modules/appium-xcuitest-driver/lib/commands/find.ts:130:7)
    at XCUITestDriver.findElOrEls (/Users/user/node_modules/appium-xcuitest-driver/lib/commands/find.ts:54:7)
    at XCUITestDriver.findElOrElsWithProcessing (/Users/user/.nvm/versions/node/v20.20.2/lib/node_modules/appium/node_modules/@appium/base-driver/lib/basedriver/commands/find.ts:60:12)
    at XCUITestDriver.findElement (/Users/user/.nvm/versions/node/v20.20.2/lib/node_modules/appium/node_modules/@appium/base-driver/lib/basedriver/commands/find.ts:75:12)
[2026-06-04 01:13:29] [ERROR] [test_click_utilities_tc26] ❌ FAILED (0.26s)
[2026-06-04 01:13:29] [ERROR] 📸 Screenshot: screenshots/test_click_utilities_tc26.png
[2026-06-04 01:13:29] [ERROR] 📍 File: /Users/user/Library/Python/3.9/lib/python/site-packages/appium/webdriver/errorhandler.py
[2026-06-04 01:13:29] [ERROR] 📍 Line: 125
[2026-06-04 01:13:29] [ERROR] 📍 Error: selenium.common.exceptions.NoSuchElementException: Message: An element could not be located on the page using the given search parameters.; For documentation on this error, please visit: https://www.selenium.dev/documentation/webdriver/troubleshooting/errors#nosuchelementexception
Stacktrace:
NoSuchElementError: An element could not be located on the page using the given search parameters.
    at XCUITestDriver.doNativeFind (/Users/user/node_modules/appium-xcuitest-driver/lib/commands/find.ts:205:13)
    at processTicksAndRejections (node:internal/process/task_queues:95:5)
    at XCUITestDriver.findNativeElementOrElements (/Users/user/node_modules/appium-xcuitest-driver/lib/commands/find.ts:130:7)
    at XCUITestDriver.findElOrEls (/Users/user/node_modules/appium-xcuitest-driver/lib/commands/find.ts:54:7)
    at XCUITestDriver.findElOrElsWithProcessing (/Users/user/.nvm/versions/node/v20.20.2/lib/node_modules/appium/node_modules/@appium/base-driver/lib/basedriver/commands/find.ts:60:12)
    at XCUITestDriver.findElement (/Users/user/.nvm/versions/node/v20.20.2/lib/node_modules/appium/node_modules/@appium/base-driver/lib/basedriver/commands/find.ts:75:12)
[2026-06-04 01:14:01] [ERROR] [test_click_utilities_tc27] ❌ FAILED (28.73s)
[2026-06-04 01:14:01] [ERROR] 📸 Screenshot: screenshots/test_click_utilities_tc27.png
[2026-06-04 01:14:01] [ERROR] 📍 File: /Users/user/Library/Python/3.9/lib/python/site-packages/selenium/webdriver/support/wait.py
[2026-06-04 01:14:01] [ERROR] 📍 Line: 138
[2026-06-04 01:14:01] [ERROR] 📍 Error: selenium.common.exceptions.TimeoutException: Message: 
Stacktrace:
NoSuchElementError: An element could not be located on the page using the given search parameters.
    at XCUITestDriver.doNativeFind (/Users/user/node_modules/appium-xcuitest-driver/lib/commands/find.ts:205:13)
    at processTicksAndRejections (node:internal/process/task_queues:95:5)
    at XCUITestDriver.findNativeElementOrElements (/Users/user/node_modules/appium-xcuitest-driver/lib/commands/find.ts:130:7)
    at XCUITestDriver.findElOrEls (/Users/user/node_modules/appium-xcuitest-driver/lib/commands/find.ts:54:7)
    at XCUITestDriver.findElOrElsWithProcessing (/Users/user/.nvm/versions/node/v20.20.2/lib/node_modules/appium/node_modules/@appium/base-driver/lib/basedriver/commands/find.ts:60:12)
    at XCUITestDriver.findElement (/Users/user/.nvm/versions/node/v20.20.2/lib/node_modules/appium/node_modules/@appium/base-driver/lib/basedriver/commands/find.ts:75:12)
[2026-06-04 01:14:07] [ERROR] [test_click_utilities_tc28] ❌ FAILED (3.46s)
[2026-06-04 01:14:08] [ERROR] 📸 Screenshot: screenshots/test_click_utilities_tc28.png
[2026-06-04 01:14:08] [ERROR] 📍 File: /Users/user/Library/Python/3.9/lib/python/site-packages/appium/webdriver/errorhandler.py
[2026-06-04 01:14:08] [ERROR] 📍 Line: 125
[2026-06-04 01:14:08] [ERROR] 📍 Error: selenium.common.exceptions.NoSuchElementException: Message: An element could not be located on the page using the given search parameters.; For documentation on this error, please visit: https://www.selenium.dev/documentation/webdriver/troubleshooting/errors#nosuchelementexception
Stacktrace:
NoSuchElementError: An element could not be located on the page using the given search parameters.
    at XCUITestDriver.doNativeFind (/Users/user/node_modules/appium-xcuitest-driver/lib/commands/find.ts:205:13)
    at processTicksAndRejections (node:internal/process/task_queues:95:5)
    at XCUITestDriver.findNativeElementOrElements (/Users/user/node_modules/appium-xcuitest-driver/lib/commands/find.ts:130:7)
    at XCUITestDriver.findElOrEls (/Users/user/node_modules/appium-xcuitest-driver/lib/commands/find.ts:54:7)
    at XCUITestDriver.findElOrElsWithProcessing (/Users/user/.nvm/versions/node/v20.20.2/lib/node_modules/appium/node_modules/@appium/base-driver/lib/basedriver/commands/find.ts:60:12)
    at XCUITestDriver.findElement (/Users/user/.nvm/versions/node/v20.20.2/lib/node_modules/appium/node_modules/@appium/base-driver/lib/basedriver/commands/find.ts:75:12)
[2026-06-04 01:14:21] [INFO] [test_click_card_kndl_tc29] ✅ PASSED (10.35s)
[2026-06-04 01:14:43] [INFO] [test_click_services_tc30] ✅ PASSED (19.49s)
[2026-06-04 01:15:00] [ERROR] [test_click_customer_support_tc31] ❌ FAILED (13.8s)
[2026-06-04 01:15:01] [ERROR] 📸 Screenshot: screenshots/test_click_customer_support_tc31.png
[2026-06-04 01:15:01] [ERROR] 📍 File: /Users/user/Library/Python/3.9/lib/python/site-packages/appium/webdriver/errorhandler.py
[2026-06-04 01:15:01] [ERROR] 📍 Line: 125
[2026-06-04 01:15:01] [ERROR] 📍 Error: selenium.common.exceptions.NoSuchElementException: Message: An element could not be located on the page using the given search parameters.; For documentation on this error, please visit: https://www.selenium.dev/documentation/webdriver/troubleshooting/errors#nosuchelementexception
Stacktrace:
NoSuchElementError: An element could not be located on the page using the given search parameters.
    at XCUITestDriver.doNativeFind (/Users/user/node_modules/appium-xcuitest-driver/lib/commands/find.ts:205:13)
    at processTicksAndRejections (node:internal/process/task_queues:95:5)
    at XCUITestDriver.findNativeElementOrElements (/Users/user/node_modules/appium-xcuitest-driver/lib/commands/find.ts:130:7)
    at XCUITestDriver.findElOrEls (/Users/user/node_modules/appium-xcuitest-driver/lib/commands/find.ts:54:7)
    at XCUITestDriver.findElOrElsWithProcessing (/Users/user/.nvm/versions/node/v20.20.2/lib/node_modules/appium/node_modules/@appium/base-driver/lib/basedriver/commands/find.ts:60:12)
    at XCUITestDriver.findElement (/Users/user/.nvm/versions/node/v20.20.2/lib/node_modules/appium/node_modules/@appium/base-driver/lib/basedriver/commands/find.ts:75:12)
[2026-06-04 01:15:45] [ERROR] [test_click_banner_tc32] ❌ FAILED (41.15s)
[2026-06-04 01:15:45] [ERROR] 📸 Screenshot: screenshots/test_click_banner_tc32.png
[2026-06-04 01:15:45] [ERROR] 📍 File: /Users/user/Library/Python/3.9/lib/python/site-packages/selenium/webdriver/support/wait.py
[2026-06-04 01:15:45] [ERROR] 📍 Line: 138
[2026-06-04 01:15:45] [ERROR] 📍 Error: selenium.common.exceptions.TimeoutException: Message: 
Stacktrace:
NoSuchElementError: An element could not be located on the page using the given search parameters.
    at XCUITestDriver.doNativeFind (/Users/user/node_modules/appium-xcuitest-driver/lib/commands/find.ts:205:13)
    at processTicksAndRejections (node:internal/process/task_queues:95:5)
    at XCUITestDriver.findNativeElementOrElements (/Users/user/node_modules/appium-xcuitest-driver/lib/commands/find.ts:130:7)
    at XCUITestDriver.findElOrEls (/Users/user/node_modules/appium-xcuitest-driver/lib/commands/find.ts:54:7)
    at XCUITestDriver.findElOrElsWithProcessing (/Users/user/.nvm/versions/node/v20.20.2/lib/node_modules/appium/node_modules/@appium/base-driver/lib/basedriver/commands/find.ts:60:12)
    at XCUITestDriver.findElement (/Users/user/.nvm/versions/node/v20.20.2/lib/node_modules/appium/node_modules/@appium/base-driver/lib/basedriver/commands/find.ts:75:12)
[2026-06-04 01:16:23] [ERROR] [test_click_banner_tc32_1] ❌ FAILED (34.06s)
[2026-06-04 01:16:23] [ERROR] 📸 Screenshot: screenshots/test_click_banner_tc32_1.png
[2026-06-04 01:16:23] [ERROR] 📍 File: /Users/user/Library/Python/3.9/lib/python/site-packages/selenium/webdriver/support/wait.py
[2026-06-04 01:16:23] [ERROR] 📍 Line: 138
[2026-06-04 01:16:23] [ERROR] 📍 Error: selenium.common.exceptions.TimeoutException: Message: 
Stacktrace:
NoSuchElementError: An element could not be located on the page using the given search parameters.
    at XCUITestDriver.doNativeFind (/Users/user/node_modules/appium-xcuitest-driver/lib/commands/find.ts:205:13)
    at processTicksAndRejections (node:internal/process/task_queues:95:5)
    at XCUITestDriver.findNativeElementOrElements (/Users/user/node_modules/appium-xcuitest-driver/lib/commands/find.ts:130:7)
    at XCUITestDriver.findElOrEls (/Users/user/node_modules/appium-xcuitest-driver/lib/commands/find.ts:54:7)
    at XCUITestDriver.findElOrElsWithProcessing (/Users/user/.nvm/versions/node/v20.20.2/lib/node_modules/appium/node_modules/@appium/base-driver/lib/basedriver/commands/find.ts:60:12)
    at XCUITestDriver.findElement (/Users/user/.nvm/versions/node/v20.20.2/lib/node_modules/appium/node_modules/@appium/base-driver/lib/basedriver/commands/find.ts:75:12)
[2026-06-04 01:16:31] [INFO] [test_search_package_tc40] ✅ PASSED (4.32s)
[2026-06-04 01:16:58] [ERROR] [test_search_package_tc41] ❌ FAILED (24.6s)
[2026-06-04 01:16:58] [ERROR] 📸 Screenshot: screenshots/test_search_package_tc41.png
[2026-06-04 01:16:58] [ERROR] 📍 File: /Users/user/Library/Python/3.9/lib/python/site-packages/selenium/webdriver/support/wait.py
[2026-06-04 01:16:58] [ERROR] 📍 Line: 138
[2026-06-04 01:16:58] [ERROR] 📍 Error: selenium.common.exceptions.TimeoutException: Message: 
Stacktrace:
NoSuchElementError: An element could not be located on the page using the given search parameters.
    at XCUITestDriver.doNativeFind (/Users/user/node_modules/appium-xcuitest-driver/lib/commands/find.ts:205:13)
    at processTicksAndRejections (node:internal/process/task_queues:95:5)
    at XCUITestDriver.findNativeElementOrElements (/Users/user/node_modules/appium-xcuitest-driver/lib/commands/find.ts:130:7)
    at XCUITestDriver.findElOrEls (/Users/user/node_modules/appium-xcuitest-driver/lib/commands/find.ts:54:7)
    at XCUITestDriver.findElOrElsWithProcessing (/Users/user/.nvm/versions/node/v20.20.2/lib/node_modules/appium/node_modules/@appium/base-driver/lib/basedriver/commands/find.ts:60:12)
    at XCUITestDriver.findElement (/Users/user/.nvm/versions/node/v20.20.2/lib/node_modules/appium/node_modules/@appium/base-driver/lib/basedriver/commands/find.ts:75:12)
[2026-06-04 01:17:09] [INFO] [test_search_services_tc43] ✅ PASSED (7.71s)
[2026-06-04 01:17:38] [ERROR] [test_search_services_tc44] ❌ FAILED (25.64s)
[2026-06-04 01:17:38] [ERROR] 📸 Screenshot: screenshots/test_search_services_tc44.png
[2026-06-04 01:17:38] [ERROR] 📍 File: /Users/user/Library/Python/3.9/lib/python/site-packages/selenium/webdriver/support/wait.py
[2026-06-04 01:17:38] [ERROR] 📍 Line: 138
[2026-06-04 01:17:38] [ERROR] 📍 Error: selenium.common.exceptions.TimeoutException: Message: 
Stacktrace:
NoSuchElementError: An element could not be located on the page using the given search parameters.
    at XCUITestDriver.doNativeFind (/Users/user/node_modules/appium-xcuitest-driver/lib/commands/find.ts:205:13)
    at processTicksAndRejections (node:internal/process/task_queues:95:5)
    at XCUITestDriver.findNativeElementOrElements (/Users/user/node_modules/appium-xcuitest-driver/lib/commands/find.ts:130:7)
    at XCUITestDriver.findElOrEls (/Users/user/node_modules/appium-xcuitest-driver/lib/commands/find.ts:54:7)
    at XCUITestDriver.findElOrElsWithProcessing (/Users/user/.nvm/versions/node/v20.20.2/lib/node_modules/appium/node_modules/@appium/base-driver/lib/basedriver/commands/find.ts:60:12)
    at XCUITestDriver.findElement (/Users/user/.nvm/versions/node/v20.20.2/lib/node_modules/appium/node_modules/@appium/base-driver/lib/basedriver/commands/find.ts:75:12)
[2026-06-04 01:18:00] [INFO] [test_register_pakage_search_tc45] ✅ PASSED (18.9s)
[2026-06-04 01:18:17] [INFO] [test_unregister_pakage_search_tc46] ✅ PASSED (14.64s)
[2026-06-04 01:18:43] [ERROR] [test_create_pakage_OTP_tc47] ❌ FAILED (23.11s)
[2026-06-04 01:18:44] [ERROR] 📸 Screenshot: screenshots/test_create_pakage_OTP_tc47.png
[2026-06-04 01:18:44] [ERROR] 📍 File: /Users/user/Library/Python/3.9/lib/python/site-packages/selenium/webdriver/support/wait.py
[2026-06-04 01:18:44] [ERROR] 📍 Line: 138
[2026-06-04 01:18:44] [ERROR] 📍 Error: selenium.common.exceptions.TimeoutException: Message: 
Stacktrace:
NoSuchElementError: An element could not be located on the page using the given search parameters.
    at XCUITestDriver.doNativeFind (/Users/user/node_modules/appium-xcuitest-driver/lib/commands/find.ts:205:13)
    at processTicksAndRejections (node:internal/process/task_queues:95:5)
    at XCUITestDriver.findNativeElementOrElements (/Users/user/node_modules/appium-xcuitest-driver/lib/commands/find.ts:130:7)
    at XCUITestDriver.findElOrEls (/Users/user/node_modules/appium-xcuitest-driver/lib/commands/find.ts:54:7)
    at XCUITestDriver.findElOrElsWithProcessing (/Users/user/.nvm/versions/node/v20.20.2/lib/node_modules/appium/node_modules/@appium/base-driver/lib/basedriver/commands/find.ts:60:12)
    at XCUITestDriver.findElement (/Users/user/.nvm/versions/node/v20.20.2/lib/node_modules/appium/node_modules/@appium/base-driver/lib/basedriver/commands/find.ts:75:12)
[2026-06-04 01:19:11] [ERROR] [test_create_pakage_flex_OTP_tc48] ❌ FAILED (24.39s)
[2026-06-04 01:19:11] [ERROR] 📸 Screenshot: screenshots/test_create_pakage_flex_OTP_tc48.png
[2026-06-04 01:19:11] [ERROR] 📍 File: /Users/user/Library/Python/3.9/lib/python/site-packages/selenium/webdriver/support/wait.py
[2026-06-04 01:19:11] [ERROR] 📍 Line: 138
[2026-06-04 01:19:11] [ERROR] 📍 Error: selenium.common.exceptions.TimeoutException: Message:
[2026-06-04 01:19:30] [INFO] [test_find_pakage_tc49] ✅ PASSED (16.26s)
[2026-06-04 01:19:38] [INFO] [test_click_check_tc50] ✅ PASSED (4.68s)
[2026-06-04 01:20:20] [INFO] [test_popular_country_tc51] ✅ PASSED (39.14s)
[2026-06-04 01:20:56] [ERROR] [test_create_pakage_roaming_tc52] ❌ FAILED (32.27s)
[2026-06-04 01:20:56] [ERROR] 📸 Screenshot: screenshots/test_create_pakage_roaming_tc52.png
[2026-06-04 01:20:56] [ERROR] 📍 File: /Users/user/Library/Python/3.9/lib/python/site-packages/selenium/webdriver/support/wait.py
[2026-06-04 01:20:56] [ERROR] 📍 Line: 138
[2026-06-04 01:20:56] [ERROR] 📍 Error: selenium.common.exceptions.TimeoutException: Message: 
Stacktrace:
NoSuchElementError: An element could not be located on the page using the given search parameters.
    at XCUITestDriver.doNativeFind (/Users/user/node_modules/appium-xcuitest-driver/lib/commands/find.ts:205:13)
    at processTicksAndRejections (node:internal/process/task_queues:95:5)
    at XCUITestDriver.findNativeElementOrElements (/Users/user/node_modules/appium-xcuitest-driver/lib/commands/find.ts:130:7)
    at XCUITestDriver.findElOrEls (/Users/user/node_modules/appium-xcuitest-driver/lib/commands/find.ts:54:7)
    at XCUITestDriver.findElOrElsWithProcessing (/Users/user/.nvm/versions/node/v20.20.2/lib/node_modules/appium/node_modules/@appium/base-driver/lib/basedriver/commands/find.ts:60:12)
    at XCUITestDriver.findElement (/Users/user/.nvm/versions/node/v20.20.2/lib/node_modules/appium/node_modules/@appium/base-driver/lib/basedriver/commands/find.ts:75:12)
[2026-06-04 01:21:31] [ERROR] [test_create_pakage_roaming_tc52_1] ❌ FAILED (31.85s)
[2026-06-04 01:21:31] [ERROR] 📸 Screenshot: screenshots/test_create_pakage_roaming_tc52_1.png
[2026-06-04 01:21:31] [ERROR] 📍 File: /Users/user/Library/Python/3.9/lib/python/site-packages/selenium/webdriver/support/wait.py
[2026-06-04 01:21:31] [ERROR] 📍 Line: 138
[2026-06-04 01:21:31] [ERROR] 📍 Error: selenium.common.exceptions.TimeoutException: Message: 
Stacktrace:
NoSuchElementError: An element could not be located on the page using the given search parameters.
    at XCUITestDriver.doNativeFind (/Users/user/node_modules/appium-xcuitest-driver/lib/commands/find.ts:205:13)
    at processTicksAndRejections (node:internal/process/task_queues:95:5)
    at XCUITestDriver.findNativeElementOrElements (/Users/user/node_modules/appium-xcuitest-driver/lib/commands/find.ts:130:7)
    at XCUITestDriver.findElOrEls (/Users/user/node_modules/appium-xcuitest-driver/lib/commands/find.ts:54:7)
    at XCUITestDriver.findElOrElsWithProcessing (/Users/user/.nvm/versions/node/v20.20.2/lib/node_modules/appium/node_modules/@appium/base-driver/lib/basedriver/commands/find.ts:60:12)
    at XCUITestDriver.findElement (/Users/user/.nvm/versions/node/v20.20.2/lib/node_modules/appium/node_modules/@appium/base-driver/lib/basedriver/commands/find.ts:75:12)
[2026-06-04 01:22:09] [ERROR] [test_cancel_pakage_roaming_tc53] ❌ FAILED (33.88s)
[2026-06-04 01:22:09] [ERROR] 📸 Screenshot: screenshots/test_cancel_pakage_roaming_tc53.png
[2026-06-04 01:22:09] [ERROR] 📍 File: /Users/user/Library/Python/3.9/lib/python/site-packages/selenium/webdriver/support/wait.py
[2026-06-04 01:22:09] [ERROR] 📍 Line: 138
[2026-06-04 01:22:09] [ERROR] 📍 Error: selenium.common.exceptions.TimeoutException: Message: 
Stacktrace:
NoSuchElementError: An element could not be located on the page using the given search parameters.
    at XCUITestDriver.doNativeFind (/Users/user/node_modules/appium-xcuitest-driver/lib/commands/find.ts:205:13)
    at processTicksAndRejections (node:internal/process/task_queues:95:5)
    at XCUITestDriver.findNativeElementOrElements (/Users/user/node_modules/appium-xcuitest-driver/lib/commands/find.ts:130:7)
    at XCUITestDriver.findElOrEls (/Users/user/node_modules/appium-xcuitest-driver/lib/commands/find.ts:54:7)
    at XCUITestDriver.findElOrElsWithProcessing (/Users/user/.nvm/versions/node/v20.20.2/lib/node_modules/appium/node_modules/@appium/base-driver/lib/basedriver/commands/find.ts:60:12)
    at XCUITestDriver.findElement (/Users/user/.nvm/versions/node/v20.20.2/lib/node_modules/appium/node_modules/@appium/base-driver/lib/basedriver/commands/find.ts:75:12)
[2026-06-04 01:22:27] [INFO] [test_click_guide_by_text_tc54] ✅ PASSED (14.74s)
[2026-06-04 01:22:42] [INFO] [test_click_question_by_text_tc55] ✅ PASSED (12.25s)
[2026-06-04 01:22:54] [INFO] [test_click_list_categories_tc58] ✅ PASSED (8.63s)
[2026-06-04 01:23:04] [INFO] [test_click_radio_button_cycle_tc59] ✅ PASSED (7.17s)
[2026-06-04 01:23:12] [INFO] [test_click_sort_price_tc60] ✅ PASSED (5.38s)
[2026-06-04 01:23:20] [INFO] [test_click_sort_data_tc61] ✅ PASSED (5.17s)
[2026-06-04 01:23:30] [INFO] [test_search_pakage_tc62] ✅ PASSED (6.82s)
[2026-06-04 01:23:41] [INFO] [test_search_pakage_tc63] ✅ PASSED (8.07s)
[2026-06-04 01:24:06] [INFO] [test_register_pakage_tc64] ✅ PASSED (22.25s)
[2026-06-04 01:24:28] [INFO] [test_unregister_pakage_tc65] ✅ PASSED (19.04s)
[2026-06-04 01:24:36] [ERROR] [test_book_roaming_tc66] ❌ FAILED (5.06s)
[2026-06-04 01:24:36] [ERROR] 📸 Screenshot: screenshots/test_book_roaming_tc66.png
[2026-06-04 01:24:36] [ERROR] 📍 File: /Users/user/Library/Python/3.9/lib/python/site-packages/appium/webdriver/errorhandler.py
[2026-06-04 01:24:36] [ERROR] 📍 Line: 125
[2026-06-04 01:24:36] [ERROR] 📍 Error: selenium.common.exceptions.NoSuchElementException: Message: An element could not be located on the page using the given search parameters.; For documentation on this error, please visit: https://www.selenium.dev/documentation/webdriver/troubleshooting/errors#nosuchelementexception
Stacktrace:
NoSuchElementError: An element could not be located on the page using the given search parameters.
    at XCUITestDriver.doNativeFind (/Users/user/node_modules/appium-xcuitest-driver/lib/commands/find.ts:205:13)
    at processTicksAndRejections (node:internal/process/task_queues:95:5)
    at XCUITestDriver.findNativeElementOrElements (/Users/user/node_modules/appium-xcuitest-driver/lib/commands/find.ts:130:7)
    at XCUITestDriver.findElOrEls (/Users/user/node_modules/appium-xcuitest-driver/lib/commands/find.ts:54:7)
    at XCUITestDriver.findElOrElsWithProcessing (/Users/user/.nvm/versions/node/v20.20.2/lib/node_modules/appium/node_modules/@appium/base-driver/lib/basedriver/commands/find.ts:60:12)
    at XCUITestDriver.findElement (/Users/user/.nvm/versions/node/v20.20.2/lib/node_modules/appium/node_modules/@appium/base-driver/lib/basedriver/commands/find.ts:75:12)
[2026-06-04 01:24:45] [ERROR] [test_book_roaming_tc67] ❌ FAILED (5.8s)
[2026-06-04 01:24:45] [ERROR] 📸 Screenshot: screenshots/test_book_roaming_tc67.png
[2026-06-04 01:24:45] [ERROR] 📍 File: /Users/user/Library/Python/3.9/lib/python/site-packages/appium/webdriver/errorhandler.py
[2026-06-04 01:24:45] [ERROR] 📍 Line: 125
[2026-06-04 01:24:45] [ERROR] 📍 Error: selenium.common.exceptions.NoSuchElementException: Message: An element could not be located on the page using the given search parameters.; For documentation on this error, please visit: https://www.selenium.dev/documentation/webdriver/troubleshooting/errors#nosuchelementexception
Stacktrace:
NoSuchElementError: An element could not be located on the page using the given search parameters.
    at XCUITestDriver.doNativeFind (/Users/user/node_modules/appium-xcuitest-driver/lib/commands/find.ts:205:13)
    at processTicksAndRejections (node:internal/process/task_queues:95:5)
    at XCUITestDriver.findNativeElementOrElements (/Users/user/node_modules/appium-xcuitest-driver/lib/commands/find.ts:130:7)
    at XCUITestDriver.findElOrEls (/Users/user/node_modules/appium-xcuitest-driver/lib/commands/find.ts:54:7)
    at XCUITestDriver.findElOrElsWithProcessing (/Users/user/.nvm/versions/node/v20.20.2/lib/node_modules/appium/node_modules/@appium/base-driver/lib/basedriver/commands/find.ts:60:12)
    at XCUITestDriver.findElement (/Users/user/.nvm/versions/node/v20.20.2/lib/node_modules/appium/node_modules/@appium/base-driver/lib/basedriver/commands/find.ts:75:12)
[2026-06-04 01:24:57] [INFO] [test_share_pakage_tc69] ✅ PASSED (9.44s)
[2026-06-04 01:25:30] [ERROR] [test_click_utilities_tc70] ❌ FAILED (29.56s)
[2026-06-04 01:25:30] [ERROR] 📸 Screenshot: screenshots/test_click_utilities_tc70.png
[2026-06-04 01:25:30] [ERROR] 📍 File: /Users/user/Library/Python/3.9/lib/python/site-packages/selenium/webdriver/support/wait.py
[2026-06-04 01:25:30] [ERROR] 📍 Line: 138
[2026-06-04 01:25:30] [ERROR] 📍 Error: selenium.common.exceptions.TimeoutException: Message:
[2026-06-04 01:25:58] [ERROR] [test_search_package_tc71] ❌ FAILED (24.27s)
[2026-06-04 01:25:58] [ERROR] 📸 Screenshot: screenshots/test_search_package_tc71.png
[2026-06-04 01:25:58] [ERROR] 📍 File: /Users/user/Library/Python/3.9/lib/python/site-packages/selenium/webdriver/support/wait.py
[2026-06-04 01:25:58] [ERROR] 📍 Line: 138
[2026-06-04 01:25:58] [ERROR] 📍 Error: selenium.common.exceptions.TimeoutException: Message:
[2026-06-04 01:26:23] [ERROR] [test_search_package_tc72] ❌ FAILED (21.76s)
[2026-06-04 01:26:23] [ERROR] 📸 Screenshot: screenshots/test_search_package_tc72.png
[2026-06-04 01:26:23] [ERROR] 📍 File: /Users/user/Library/Python/3.9/lib/python/site-packages/selenium/webdriver/support/wait.py
[2026-06-04 01:26:23] [ERROR] 📍 Line: 138
[2026-06-04 01:26:23] [ERROR] 📍 Error: selenium.common.exceptions.TimeoutException: Message:
[2026-06-04 01:26:48] [ERROR] [test_save_point_tc73] ❌ FAILED (21.3s)
[2026-06-04 01:26:48] [ERROR] 📸 Screenshot: screenshots/test_save_point_tc73.png
[2026-06-04 01:26:48] [ERROR] 📍 File: /Users/user/Library/Python/3.9/lib/python/site-packages/selenium/webdriver/support/wait.py
[2026-06-04 01:26:48] [ERROR] 📍 Line: 138
[2026-06-04 01:26:48] [ERROR] 📍 Error: selenium.common.exceptions.TimeoutException: Message: 
Stacktrace:
NoSuchElementError: An element could not be located on the page using the given search parameters.
    at XCUITestDriver.doNativeFind (/Users/user/node_modules/appium-xcuitest-driver/lib/commands/find.ts:205:13)
    at processTicksAndRejections (node:internal/process/task_queues:95:5)
    at XCUITestDriver.findNativeElementOrElements (/Users/user/node_modules/appium-xcuitest-driver/lib/commands/find.ts:130:7)
    at XCUITestDriver.findElOrEls (/Users/user/node_modules/appium-xcuitest-driver/lib/commands/find.ts:54:7)
    at XCUITestDriver.findElOrElsWithProcessing (/Users/user/.nvm/versions/node/v20.20.2/lib/node_modules/appium/node_modules/@appium/base-driver/lib/basedriver/commands/find.ts:60:12)
    at XCUITestDriver.findElement (/Users/user/.nvm/versions/node/v20.20.2/lib/node_modules/appium/node_modules/@appium/base-driver/lib/basedriver/commands/find.ts:75:12)
[2026-06-04 01:26:53] [ERROR] [test_point_history_tc74] ❌ FAILED (2.06s)
[2026-06-04 01:26:53] [ERROR] 📸 Screenshot: screenshots/test_point_history_tc74.png
[2026-06-04 01:26:53] [ERROR] 📍 File: /Users/user/Library/Python/3.9/lib/python/site-packages/appium/webdriver/errorhandler.py
[2026-06-04 01:26:53] [ERROR] 📍 Line: 125
[2026-06-04 01:26:53] [ERROR] 📍 Error: selenium.common.exceptions.NoSuchElementException: Message: An element could not be located on the page using the given search parameters.; For documentation on this error, please visit: https://www.selenium.dev/documentation/webdriver/troubleshooting/errors#nosuchelementexception
Stacktrace:
NoSuchElementError: An element could not be located on the page using the given search parameters.
    at XCUITestDriver.doNativeFind (/Users/user/node_modules/appium-xcuitest-driver/lib/commands/find.ts:205:13)
    at processTicksAndRejections (node:internal/process/task_queues:95:5)
    at XCUITestDriver.findNativeElementOrElements (/Users/user/node_modules/appium-xcuitest-driver/lib/commands/find.ts:130:7)
    at XCUITestDriver.findElOrEls (/Users/user/node_modules/appium-xcuitest-driver/lib/commands/find.ts:54:7)
    at XCUITestDriver.findElOrElsWithProcessing (/Users/user/.nvm/versions/node/v20.20.2/lib/node_modules/appium/node_modules/@appium/base-driver/lib/basedriver/commands/find.ts:60:12)
    at XCUITestDriver.findElement (/Users/user/.nvm/versions/node/v20.20.2/lib/node_modules/appium/node_modules/@appium/base-driver/lib/basedriver/commands/find.ts:75:12)
[2026-06-04 01:26:58] [ERROR] [test_point_history_tc75] ❌ FAILED (2.08s)
[2026-06-04 01:26:59] [ERROR] 📸 Screenshot: screenshots/test_point_history_tc75.png
[2026-06-04 01:26:59] [ERROR] 📍 File: /Users/user/Library/Python/3.9/lib/python/site-packages/appium/webdriver/errorhandler.py
[2026-06-04 01:26:59] [ERROR] 📍 Line: 125
[2026-06-04 01:26:59] [ERROR] 📍 Error: selenium.common.exceptions.NoSuchElementException: Message: An element could not be located on the page using the given search parameters.; For documentation on this error, please visit: https://www.selenium.dev/documentation/webdriver/troubleshooting/errors#nosuchelementexception
Stacktrace:
NoSuchElementError: An element could not be located on the page using the given search parameters.
    at XCUITestDriver.doNativeFind (/Users/user/node_modules/appium-xcuitest-driver/lib/commands/find.ts:205:13)
    at processTicksAndRejections (node:internal/process/task_queues:95:5)
    at XCUITestDriver.findNativeElementOrElements (/Users/user/node_modules/appium-xcuitest-driver/lib/commands/find.ts:130:7)
    at XCUITestDriver.findElOrEls (/Users/user/node_modules/appium-xcuitest-driver/lib/commands/find.ts:54:7)
    at XCUITestDriver.findElOrElsWithProcessing (/Users/user/.nvm/versions/node/v20.20.2/lib/node_modules/appium/node_modules/@appium/base-driver/lib/basedriver/commands/find.ts:60:12)
    at XCUITestDriver.findElement (/Users/user/.nvm/versions/node/v20.20.2/lib/node_modules/appium/node_modules/@appium/base-driver/lib/basedriver/commands/find.ts:75:12)
[2026-06-04 01:27:13] [ERROR] [test_save_point_tc76] ❌ FAILED (11.98s)
[2026-06-04 01:27:14] [ERROR] 📸 Screenshot: screenshots/test_save_point_tc76.png
[2026-06-04 01:27:14] [ERROR] 📍 File: /Users/user/Library/Python/3.9/lib/python/site-packages/selenium/webdriver/support/wait.py
[2026-06-04 01:27:14] [ERROR] 📍 Line: 138
[2026-06-04 01:27:14] [ERROR] 📍 Error: selenium.common.exceptions.TimeoutException: Message: 
Stacktrace:
NoSuchElementError: An element could not be located on the page using the given search parameters.
    at XCUITestDriver.doNativeFind (/Users/user/node_modules/appium-xcuitest-driver/lib/commands/find.ts:205:13)
    at processTicksAndRejections (node:internal/process/task_queues:95:5)
    at XCUITestDriver.findNativeElementOrElements (/Users/user/node_modules/appium-xcuitest-driver/lib/commands/find.ts:130:7)
    at XCUITestDriver.findElOrEls (/Users/user/node_modules/appium-xcuitest-driver/lib/commands/find.ts:54:7)
    at XCUITestDriver.findElOrElsWithProcessing (/Users/user/.nvm/versions/node/v20.20.2/lib/node_modules/appium/node_modules/@appium/base-driver/lib/basedriver/commands/find.ts:60:12)
    at XCUITestDriver.findElement (/Users/user/.nvm/versions/node/v20.20.2/lib/node_modules/appium/node_modules/@appium/base-driver/lib/basedriver/commands/find.ts:75:12)
[2026-06-04 01:27:28] [ERROR] [test_sell_point_tc77] ❌ FAILED (11.42s)
[2026-06-04 01:27:29] [ERROR] 📸 Screenshot: screenshots/test_sell_point_tc77.png
[2026-06-04 01:27:29] [ERROR] 📍 File: /Users/user/Library/Python/3.9/lib/python/site-packages/selenium/webdriver/support/wait.py
[2026-06-04 01:27:29] [ERROR] 📍 Line: 138
[2026-06-04 01:27:29] [ERROR] 📍 Error: selenium.common.exceptions.TimeoutException: Message: 
Stacktrace:
NoSuchElementError: An element could not be located on the page using the given search parameters.
    at XCUITestDriver.doNativeFind (/Users/user/node_modules/appium-xcuitest-driver/lib/commands/find.ts:205:13)
    at processTicksAndRejections (node:internal/process/task_queues:95:5)
    at XCUITestDriver.findNativeElementOrElements (/Users/user/node_modules/appium-xcuitest-driver/lib/commands/find.ts:130:7)
    at XCUITestDriver.findElOrEls (/Users/user/node_modules/appium-xcuitest-driver/lib/commands/find.ts:54:7)
    at XCUITestDriver.findElOrElsWithProcessing (/Users/user/.nvm/versions/node/v20.20.2/lib/node_modules/appium/node_modules/@appium/base-driver/lib/basedriver/commands/find.ts:60:12)
    at XCUITestDriver.findElement (/Users/user/.nvm/versions/node/v20.20.2/lib/node_modules/appium/node_modules/@appium/base-driver/lib/basedriver/commands/find.ts:75:12)
[2026-06-04 01:27:48] [ERROR] [test_tc78] ❌ FAILED (16.29s)
[2026-06-04 01:27:48] [ERROR] 📸 Screenshot: screenshots/test_tc78.png
[2026-06-04 01:27:48] [ERROR] 📍 File: /Users/user/Documents/My Mobifone - Auto/Production/ios-pro/pages/DealsPage_page.py
[2026-06-04 01:27:48] [ERROR] 📍 Line: 128
[2026-06-04 01:27:48] [ERROR] 📍 Error: Exception: ❌ Không tìm thấy: Đổi điểm lấy quà
[2026-06-04 01:28:07] [ERROR] [test_detail_voucher_tc79] ❌ FAILED (15.33s)
[2026-06-04 01:28:07] [ERROR] 📸 Screenshot: screenshots/test_detail_voucher_tc79.png
[2026-06-04 01:28:07] [ERROR] 📍 File: /Users/user/Documents/My Mobifone - Auto/Production/ios-pro/pages/DealsPage_page.py
[2026-06-04 01:28:07] [ERROR] 📍 Line: 128
[2026-06-04 01:28:07] [ERROR] 📍 Error: Exception: ❌ Không tìm thấy: Đổi điểm lấy quà
[2026-06-04 01:28:37] [ERROR] [test_click_deals_point_out_tc80] ❌ FAILED (27.34s)
[2026-06-04 01:28:38] [ERROR] 📸 Screenshot: screenshots/test_click_deals_point_out_tc80.png
[2026-06-04 01:28:38] [ERROR] 📍 File: /Users/user/Library/Python/3.9/lib/python/site-packages/selenium/webdriver/support/wait.py
[2026-06-04 01:28:38] [ERROR] 📍 Line: 138
[2026-06-04 01:28:38] [ERROR] 📍 Error: selenium.common.exceptions.TimeoutException: Message: 
Stacktrace:
NoSuchElementError: An element could not be located on the page using the given search parameters.
    at XCUITestDriver.doNativeFind (/Users/user/node_modules/appium-xcuitest-driver/lib/commands/find.ts:205:13)
    at processTicksAndRejections (node:internal/process/task_queues:95:5)
    at XCUITestDriver.findNativeElementOrElements (/Users/user/node_modules/appium-xcuitest-driver/lib/commands/find.ts:130:7)
    at XCUITestDriver.findElOrEls (/Users/user/node_modules/appium-xcuitest-driver/lib/commands/find.ts:54:7)
    at XCUITestDriver.findElOrElsWithProcessing (/Users/user/.nvm/versions/node/v20.20.2/lib/node_modules/appium/node_modules/@appium/base-driver/lib/basedriver/commands/find.ts:60:12)
    at XCUITestDriver.findElement (/Users/user/.nvm/versions/node/v20.20.2/lib/node_modules/appium/node_modules/@appium/base-driver/lib/basedriver/commands/find.ts:75:12)
[2026-06-04 01:28:56] [ERROR] [test_click_deals_point_in_tc81] ❌ FAILED (15.43s)
[2026-06-04 01:28:57] [ERROR] 📸 Screenshot: screenshots/test_click_deals_point_in_tc81.png
[2026-06-04 01:28:57] [ERROR] 📍 File: /Users/user/Documents/My Mobifone - Auto/Production/ios-pro/pages/DealsPage_page.py
[2026-06-04 01:28:57] [ERROR] 📍 Line: 128
[2026-06-04 01:28:57] [ERROR] 📍 Error: Exception: ❌ Không tìm thấy: Ưu đãi tích điểm
[2026-06-04 01:29:15] [ERROR] [test_click_deals_point_other_out_tc82] ❌ FAILED (15.25s)
[2026-06-04 01:29:15] [ERROR] 📸 Screenshot: screenshots/test_click_deals_point_other_out_tc82.png
[2026-06-04 01:29:15] [ERROR] 📍 File: /Users/user/Documents/My Mobifone - Auto/Production/ios-pro/pages/DealsPage_page.py
[2026-06-04 01:29:15] [ERROR] 📍 Line: 128
[2026-06-04 01:29:15] [ERROR] 📍 Error: Exception: ❌ Không tìm thấy: Ưu đãi khác
[2026-06-04 01:29:34] [ERROR] [test_click_deals_point_other_in_tc83] ❌ FAILED (15.9s)
[2026-06-04 01:29:35] [ERROR] 📸 Screenshot: screenshots/test_click_deals_point_other_in_tc83.png
[2026-06-04 01:29:35] [ERROR] 📍 File: /Users/user/Documents/My Mobifone - Auto/Production/ios-pro/pages/DealsPage_page.py
[2026-06-04 01:29:35] [ERROR] 📍 Line: 128
[2026-06-04 01:29:35] [ERROR] 📍 Error: Exception: ❌ Không tìm thấy: Ưu đãi khác
[2026-06-04 01:29:46] [INFO] [test_search_package_tc84] ✅ PASSED (8.41s)
[2026-06-04 01:30:17] [ERROR] [test_search_package_tc85] ❌ FAILED (28.39s)
[2026-06-04 01:30:18] [ERROR] 📸 Screenshot: screenshots/test_search_package_tc85.png
[2026-06-04 01:30:18] [ERROR] 📍 File: /Users/user/Library/Python/3.9/lib/python/site-packages/selenium/webdriver/support/wait.py
[2026-06-04 01:30:18] [ERROR] 📍 Line: 138
[2026-06-04 01:30:18] [ERROR] 📍 Error: selenium.common.exceptions.TimeoutException: Message: 
Stacktrace:
NoSuchElementError: An element could not be located on the page using the given search parameters.
    at XCUITestDriver.doNativeFind (/Users/user/node_modules/appium-xcuitest-driver/lib/commands/find.ts:205:13)
    at processTicksAndRejections (node:internal/process/task_queues:95:5)
    at XCUITestDriver.findNativeElementOrElements (/Users/user/node_modules/appium-xcuitest-driver/lib/commands/find.ts:130:7)
    at XCUITestDriver.findElOrEls (/Users/user/node_modules/appium-xcuitest-driver/lib/commands/find.ts:54:7)
    at XCUITestDriver.findElOrElsWithProcessing (/Users/user/.nvm/versions/node/v20.20.2/lib/node_modules/appium/node_modules/@appium/base-driver/lib/basedriver/commands/find.ts:60:12)
    at XCUITestDriver.findElement (/Users/user/.nvm/versions/node/v20.20.2/lib/node_modules/appium/node_modules/@appium/base-driver/lib/basedriver/commands/find.ts:75:12)
[2026-06-04 01:30:31] [ERROR] [test_search_package_tc86] ❌ FAILED (10.62s)
[2026-06-04 01:30:31] [ERROR] 📸 Screenshot: screenshots/test_search_package_tc86.png
[2026-06-04 01:30:31] [ERROR] 📍 File: /Users/user/Documents/My Mobifone - Auto/Production/ios-pro/tests_TC/Login/test_4servicespage_login.py
[2026-06-04 01:30:31] [ERROR] 📍 Line: 30
[2026-06-04 01:30:31] [ERROR] 📍 Error: AssertionError: assert False
 +  where False = is_result_displayed('Funring')
 +    where is_result_displayed = <pages.ServicesPage_page.ServicesPage object at 0x1143b9a90>.is_result_displayed
[2026-06-04 01:30:52] [INFO] [test_scroll_banner_tc87] ✅ PASSED (17.78s)
[2026-06-04 01:31:02] [INFO] [test_scroll_banner_tc88] ✅ PASSED (7.05s)
[2026-06-04 01:31:56] [INFO] [test_scroll_services_tc89] ✅ PASSED (51.44s)
[2026-06-04 01:32:36] [ERROR] [test_register_services_tc90] ❌ FAILED (36.46s)
[2026-06-04 01:32:36] [ERROR] 📸 Screenshot: screenshots/test_register_services_tc90.png
[2026-06-04 01:32:36] [ERROR] 📍 File: /Users/user/Library/Python/3.9/lib/python/site-packages/selenium/webdriver/support/wait.py
[2026-06-04 01:32:36] [ERROR] 📍 Line: 138
[2026-06-04 01:32:36] [ERROR] 📍 Error: selenium.common.exceptions.TimeoutException: Message: 
Stacktrace:
NoSuchElementError: An element could not be located on the page using the given search parameters.
    at XCUITestDriver.doNativeFind (/Users/user/node_modules/appium-xcuitest-driver/lib/commands/find.ts:205:13)
    at processTicksAndRejections (node:internal/process/task_queues:95:5)
    at XCUITestDriver.findNativeElementOrElements (/Users/user/node_modules/appium-xcuitest-driver/lib/commands/find.ts:130:7)
    at XCUITestDriver.findElOrEls (/Users/user/node_modules/appium-xcuitest-driver/lib/commands/find.ts:54:7)
    at XCUITestDriver.findElOrElsWithProcessing (/Users/user/.nvm/versions/node/v20.20.2/lib/node_modules/appium/node_modules/@appium/base-driver/lib/basedriver/commands/find.ts:60:12)
    at XCUITestDriver.findElement (/Users/user/.nvm/versions/node/v20.20.2/lib/node_modules/appium/node_modules/@appium/base-driver/lib/basedriver/commands/find.ts:75:12)
[2026-06-04 01:33:10] [ERROR] [test_unregister_services_tc91] ❌ FAILED (30.44s)
[2026-06-04 01:33:10] [ERROR] 📸 Screenshot: screenshots/test_unregister_services_tc91.png
[2026-06-04 01:33:10] [ERROR] 📍 File: /Users/user/Library/Python/3.9/lib/python/site-packages/selenium/webdriver/support/wait.py
[2026-06-04 01:33:10] [ERROR] 📍 Line: 138
[2026-06-04 01:33:10] [ERROR] 📍 Error: selenium.common.exceptions.TimeoutException: Message: 
Stacktrace:
NoSuchElementError: An element could not be located on the page using the given search parameters.
    at XCUITestDriver.doNativeFind (/Users/user/node_modules/appium-xcuitest-driver/lib/commands/find.ts:205:13)
    at processTicksAndRejections (node:internal/process/task_queues:95:5)
    at XCUITestDriver.findNativeElementOrElements (/Users/user/node_modules/appium-xcuitest-driver/lib/commands/find.ts:130:7)
    at XCUITestDriver.findElOrEls (/Users/user/node_modules/appium-xcuitest-driver/lib/commands/find.ts:54:7)
    at XCUITestDriver.findElOrElsWithProcessing (/Users/user/.nvm/versions/node/v20.20.2/lib/node_modules/appium/node_modules/@appium/base-driver/lib/basedriver/commands/find.ts:60:12)
    at XCUITestDriver.findElement (/Users/user/.nvm/versions/node/v20.20.2/lib/node_modules/appium/node_modules/@appium/base-driver/lib/basedriver/commands/find.ts:75:12)
[2026-06-04 01:33:49] [INFO] [test_click_services_tc92] ✅ PASSED (36.16s)
[2026-06-04 01:34:11] [ERROR] [test_click_services_tc92_1] ❌ FAILED (18.58s)
[2026-06-04 01:34:11] [ERROR] 📸 Screenshot: screenshots/test_click_services_tc92_1.png
[2026-06-04 01:34:11] [ERROR] 📍 File: /Users/user/Library/Python/3.9/lib/python/site-packages/appium/webdriver/errorhandler.py
[2026-06-04 01:34:11] [ERROR] 📍 Line: 125
[2026-06-04 01:34:11] [ERROR] 📍 Error: selenium.common.exceptions.StaleElementReferenceException: Message: The previously found element ""Mobistudy" StaticText" is not present in the current view anymore. Make sure the application UI has the expected state. Original error: Error getting main window kAXErrorInvalidUIElement; For documentation on this error, please visit: https://www.selenium.dev/documentation/webdriver/troubleshooting/errors#staleelementreferenceexception
Stacktrace:
ProxyRequestError: Request failed with status code 404
    at JWProxy.proxy (/Users/user/node_modules/appium-xcuitest-driver/node_modules/@appium/base-driver/lib/jsonwp-proxy/proxy.ts:297:13)
    at processTicksAndRejections (node:internal/process/task_queues:95:5)
    at ProtocolConverter.convertAndProxy (/Users/user/node_modules/appium-xcuitest-driver/node_modules/@appium/base-driver/lib/jsonwp-proxy/protocol-converter.ts:132:12)
    at JWProxy.proxyCommand (/Users/user/node_modules/appium-xcuitest-driver/node_modules/@appium/base-driver/lib/jsonwp-proxy/proxy.ts:335:12)
    at JWProxy.proxyReqRes (/Users/user/node_modules/appium-xcuitest-driver/node_modules/@appium/base-driver/lib/jsonwp-proxy/proxy.ts:413:32)
[2026-06-04 01:34:59] [INFO] [test_click_services_tc92_2] ✅ PASSED (44.07s)
[2026-06-04 01:35:19] [INFO] [test_click_services_tc92_3] ✅ PASSED (16.98s)
[2026-06-04 01:35:31] [ERROR] [test_click_services_tc92_4] ❌ FAILED (9.04s)
[2026-06-04 01:35:31] [ERROR] 📸 Screenshot: screenshots/test_click_services_tc92_4.png
[2026-06-04 01:35:31] [ERROR] 📍 File: /Users/user/Library/Python/3.9/lib/python/site-packages/appium/webdriver/errorhandler.py
[2026-06-04 01:35:31] [ERROR] 📍 Line: 125
[2026-06-04 01:35:31] [ERROR] 📍 Error: selenium.common.exceptions.NoSuchElementException: Message: An element could not be located on the page using the given search parameters.; For documentation on this error, please visit: https://www.selenium.dev/documentation/webdriver/troubleshooting/errors#nosuchelementexception
Stacktrace:
NoSuchElementError: An element could not be located on the page using the given search parameters.
    at XCUITestDriver.doNativeFind (/Users/user/node_modules/appium-xcuitest-driver/lib/commands/find.ts:205:13)
    at processTicksAndRejections (node:internal/process/task_queues:95:5)
    at XCUITestDriver.findNativeElementOrElements (/Users/user/node_modules/appium-xcuitest-driver/lib/commands/find.ts:130:7)
    at XCUITestDriver.findElOrEls (/Users/user/node_modules/appium-xcuitest-driver/lib/commands/find.ts:54:7)
    at XCUITestDriver.findElOrElsWithProcessing (/Users/user/.nvm/versions/node/v20.20.2/lib/node_modules/appium/node_modules/@appium/base-driver/lib/basedriver/commands/find.ts:60:12)
    at XCUITestDriver.findElement (/Users/user/.nvm/versions/node/v20.20.2/lib/node_modules/appium/node_modules/@appium/base-driver/lib/basedriver/commands/find.ts:75:12)
[2026-06-04 01:36:17] [INFO] [test_click_services_tc92_5] ✅ PASSED (43.0s)
[2026-06-04 01:36:32] [INFO] [test_click_services_tc92_6] ✅ PASSED (12.07s)
[2026-06-04 01:36:43] [INFO] [test_check_tab_introduce_tc93] ✅ PASSED (7.32s)
[2026-06-04 01:37:11] [ERROR] [test_change_point_tc94] ❌ FAILED (24.82s)
[2026-06-04 01:37:11] [ERROR] 📸 Screenshot: screenshots/test_change_point_tc94.png
[2026-06-04 01:37:11] [ERROR] 📍 File: /Users/user/Library/Python/3.9/lib/python/site-packages/selenium/webdriver/support/wait.py
[2026-06-04 01:37:11] [ERROR] 📍 Line: 138
[2026-06-04 01:37:11] [ERROR] 📍 Error: selenium.common.exceptions.TimeoutException: Message:
[2026-06-04 01:37:40] [ERROR] [test_change_combo_pakage_tc95] ❌ FAILED (26.09s)
[2026-06-04 01:37:40] [ERROR] 📸 Screenshot: screenshots/test_change_combo_pakage_tc95.png
[2026-06-04 01:37:40] [ERROR] 📍 File: /Users/user/Library/Python/3.9/lib/python/site-packages/selenium/webdriver/support/wait.py
[2026-06-04 01:37:40] [ERROR] 📍 Line: 138
[2026-06-04 01:37:40] [ERROR] 📍 Error: selenium.common.exceptions.TimeoutException: Message:
[2026-06-04 01:38:09] [ERROR] [test_change_voice_pakage_tc96] ❌ FAILED (25.75s)
[2026-06-04 01:38:09] [ERROR] 📸 Screenshot: screenshots/test_change_voice_pakage_tc96.png
[2026-06-04 01:38:09] [ERROR] 📍 File: /Users/user/Library/Python/3.9/lib/python/site-packages/selenium/webdriver/support/wait.py
[2026-06-04 01:38:09] [ERROR] 📍 Line: 138
[2026-06-04 01:38:09] [ERROR] 📍 Error: selenium.common.exceptions.TimeoutException: Message:
[2026-06-04 01:38:17] [ERROR] [test_change_gift_pakage_tc97] ❌ FAILED (4.45s)
[2026-06-04 01:38:17] [ERROR] 📸 Screenshot: screenshots/test_change_gift_pakage_tc97.png
[2026-06-04 01:38:17] [ERROR] 📍 File: /Users/user/Library/Python/3.9/lib/python/site-packages/appium/webdriver/errorhandler.py
[2026-06-04 01:38:17] [ERROR] 📍 Line: 125
[2026-06-04 01:38:17] [ERROR] 📍 Error: selenium.common.exceptions.NoSuchElementException: Message: An element could not be located on the page using the given search parameters.; For documentation on this error, please visit: https://www.selenium.dev/documentation/webdriver/troubleshooting/errors#nosuchelementexception
Stacktrace:
NoSuchElementError: An element could not be located on the page using the given search parameters.
    at XCUITestDriver.doNativeFind (/Users/user/node_modules/appium-xcuitest-driver/lib/commands/find.ts:205:13)
    at processTicksAndRejections (node:internal/process/task_queues:95:5)
    at XCUITestDriver.findNativeElementOrElements (/Users/user/node_modules/appium-xcuitest-driver/lib/commands/find.ts:130:7)
    at XCUITestDriver.findElOrEls (/Users/user/node_modules/appium-xcuitest-driver/lib/commands/find.ts:54:7)
    at XCUITestDriver.findElOrElsWithProcessing (/Users/user/.nvm/versions/node/v20.20.2/lib/node_modules/appium/node_modules/@appium/base-driver/lib/basedriver/commands/find.ts:60:12)
    at XCUITestDriver.findElement (/Users/user/.nvm/versions/node/v20.20.2/lib/node_modules/appium/node_modules/@appium/base-driver/lib/basedriver/commands/find.ts:75:12)
[2026-06-04 01:38:54] [ERROR] [test_change_data_code_tc98] ❌ FAILED (33.85s)
[2026-06-04 01:38:54] [ERROR] 📸 Screenshot: screenshots/test_change_data_code_tc98.png
[2026-06-04 01:38:54] [ERROR] 📍 File: /Users/user/Library/Python/3.9/lib/python/site-packages/selenium/webdriver/support/wait.py
[2026-06-04 01:38:54] [ERROR] 📍 Line: 138
[2026-06-04 01:38:54] [ERROR] 📍 Error: selenium.common.exceptions.TimeoutException: Message: 
Stacktrace:
NoSuchElementError: An element could not be located on the page using the given search parameters.
    at XCUITestDriver.doNativeFind (/Users/user/node_modules/appium-xcuitest-driver/lib/commands/find.ts:205:13)
    at processTicksAndRejections (node:internal/process/task_queues:95:5)
    at XCUITestDriver.findNativeElementOrElements (/Users/user/node_modules/appium-xcuitest-driver/lib/commands/find.ts:130:7)
    at XCUITestDriver.findElOrEls (/Users/user/node_modules/appium-xcuitest-driver/lib/commands/find.ts:54:7)
    at XCUITestDriver.findElOrElsWithProcessing (/Users/user/.nvm/versions/node/v20.20.2/lib/node_modules/appium/node_modules/@appium/base-driver/lib/basedriver/commands/find.ts:60:12)
    at XCUITestDriver.findElement (/Users/user/.nvm/versions/node/v20.20.2/lib/node_modules/appium/node_modules/@appium/base-driver/lib/basedriver/commands/find.ts:75:12)
[2026-06-04 01:39:25] [ERROR] [test_change_VETC_tc99] ❌ FAILED (27.93s)
[2026-06-04 01:39:25] [ERROR] 📸 Screenshot: screenshots/test_change_VETC_tc99.png
[2026-06-04 01:39:25] [ERROR] 📍 File: /Users/user/Library/Python/3.9/lib/python/site-packages/selenium/webdriver/support/wait.py
[2026-06-04 01:39:25] [ERROR] 📍 Line: 138
[2026-06-04 01:39:25] [ERROR] 📍 Error: selenium.common.exceptions.TimeoutException: Message: 
Stacktrace:
NoSuchElementError: An element could not be located on the page using the given search parameters.
    at XCUITestDriver.doNativeFind (/Users/user/node_modules/appium-xcuitest-driver/lib/commands/find.ts:205:13)
    at processTicksAndRejections (node:internal/process/task_queues:95:5)
    at XCUITestDriver.findNativeElementOrElements (/Users/user/node_modules/appium-xcuitest-driver/lib/commands/find.ts:130:7)
    at XCUITestDriver.findElOrEls (/Users/user/node_modules/appium-xcuitest-driver/lib/commands/find.ts:54:7)
    at XCUITestDriver.findElOrElsWithProcessing (/Users/user/.nvm/versions/node/v20.20.2/lib/node_modules/appium/node_modules/@appium/base-driver/lib/basedriver/commands/find.ts:60:12)
    at XCUITestDriver.findElement (/Users/user/.nvm/versions/node/v20.20.2/lib/node_modules/appium/node_modules/@appium/base-driver/lib/basedriver/commands/find.ts:75:12)
[2026-06-04 01:39:32] [INFO] [test_click_button_reload_tc100] ✅ PASSED (3.97s)
[2026-06-04 01:39:39] [INFO] [test_button_seemore_tc101] ✅ PASSED (3.99s)
[2026-06-04 01:39:48] [INFO] [test_button_register_tc102] ✅ PASSED (6.07s)
[2026-06-04 01:40:02] [INFO] [test_swipe_banner_tc103] ✅ PASSED (10.9s)
[2026-06-04 01:40:08] [INFO] [test_check_history_tc104] ✅ PASSED (3.25s)
[2026-06-04 01:40:20] [INFO] [test_list_deal_kndl_tc105] ✅ PASSED (9.66s)
[2026-06-04 01:40:52] [ERROR] [test_click_my_services_tc106] ❌ FAILED (28.36s)
[2026-06-04 01:40:52] [ERROR] 📸 Screenshot: screenshots/test_click_my_services_tc106.png
[2026-06-04 01:40:52] [ERROR] 📍 File: /Users/user/Library/Python/3.9/lib/python/site-packages/selenium/webdriver/support/wait.py
[2026-06-04 01:40:52] [ERROR] 📍 Line: 138
[2026-06-04 01:40:52] [ERROR] 📍 Error: selenium.common.exceptions.TimeoutException: Message: 
Stacktrace:
NoSuchElementError: An element could not be located on the page using the given search parameters.
    at XCUITestDriver.doNativeFind (/Users/user/node_modules/appium-xcuitest-driver/lib/commands/find.ts:205:13)
    at processTicksAndRejections (node:internal/process/task_queues:95:5)
    at XCUITestDriver.findNativeElementOrElements (/Users/user/node_modules/appium-xcuitest-driver/lib/commands/find.ts:130:7)
    at XCUITestDriver.findElOrEls (/Users/user/node_modules/appium-xcuitest-driver/lib/commands/find.ts:54:7)
    at XCUITestDriver.findElOrElsWithProcessing (/Users/user/.nvm/versions/node/v20.20.2/lib/node_modules/appium/node_modules/@appium/base-driver/lib/basedriver/commands/find.ts:60:12)
    at XCUITestDriver.findElement (/Users/user/.nvm/versions/node/v20.20.2/lib/node_modules/appium/node_modules/@appium/base-driver/lib/basedriver/commands/find.ts:75:12)
[2026-06-04 01:40:59] [INFO] [test_click_button_refesh_tc107] ✅ PASSED (3.68s)
[2026-06-04 01:41:06] [INFO] [test_click_button_detail] ✅ PASSED (4.79s)
[2026-06-04 01:41:17] [INFO] [test_link_google_tc109] ✅ PASSED (7.77s)
[2026-06-04 01:41:28] [INFO] [test_click_button_delete_account_tc110] ✅ PASSED (8.25s)
[2026-06-04 01:41:34] [INFO] [test_click_button_delete_account_tc111] ✅ PASSED (2.99s)
[2026-06-04 01:41:42] [INFO] [test_check_tab_invoice_tc112] ✅ PASSED (4.89s)
[2026-06-04 01:41:50] [INFO] [test_check_tab_invoice_tc113] ✅ PASSED (5.49s)
[2026-06-04 01:42:15] [ERROR] [test_update_infor_tc114] ❌ FAILED (22.72s)
[2026-06-04 01:42:16] [ERROR] 📸 Screenshot: screenshots/test_update_infor_tc114.png
[2026-06-04 01:42:16] [ERROR] 📍 File: /Users/user/Library/Python/3.9/lib/python/site-packages/selenium/webdriver/support/wait.py
[2026-06-04 01:42:16] [ERROR] 📍 Line: 138
[2026-06-04 01:42:16] [ERROR] 📍 Error: selenium.common.exceptions.TimeoutException: Message: 
Stacktrace:
NoSuchElementError: An element could not be located on the page using the given search parameters.
    at XCUITestDriver.doNativeFind (/Users/user/node_modules/appium-xcuitest-driver/lib/commands/find.ts:205:13)
    at processTicksAndRejections (node:internal/process/task_queues:95:5)
    at XCUITestDriver.findNativeElementOrElements (/Users/user/node_modules/appium-xcuitest-driver/lib/commands/find.ts:130:7)
    at XCUITestDriver.findElOrEls (/Users/user/node_modules/appium-xcuitest-driver/lib/commands/find.ts:54:7)
    at XCUITestDriver.findElOrElsWithProcessing (/Users/user/.nvm/versions/node/v20.20.2/lib/node_modules/appium/node_modules/@appium/base-driver/lib/basedriver/commands/find.ts:60:12)
    at XCUITestDriver.findElement (/Users/user/.nvm/versions/node/v20.20.2/lib/node_modules/appium/node_modules/@appium/base-driver/lib/basedriver/commands/find.ts:75:12)
[2026-06-04 01:42:21] [INFO] [test_limit_cuoc_tc115] ✅ PASSED (2.91s)
[2026-06-04 01:42:27] [INFO] [test_ckeck_multi_sim_tc116] ✅ PASSED (2.87s)
[2026-06-04 01:42:33] [INFO] [test_change_esim_tc117] ✅ PASSED (2.96s)
[2026-06-04 01:42:40] [ERROR] [test_check_autopay_tc118] ❌ FAILED (4.15s)
[2026-06-04 01:42:40] [ERROR] 📸 Screenshot: screenshots/test_check_autopay_tc118.png
[2026-06-04 01:42:40] [ERROR] 📍 File: /Users/user/Library/Python/3.9/lib/python/site-packages/appium/webdriver/errorhandler.py
[2026-06-04 01:42:40] [ERROR] 📍 Line: 125
[2026-06-04 01:42:40] [ERROR] 📍 Error: selenium.common.exceptions.NoSuchElementException: Message: An element could not be located on the page using the given search parameters.; For documentation on this error, please visit: https://www.selenium.dev/documentation/webdriver/troubleshooting/errors#nosuchelementexception
Stacktrace:
NoSuchElementError: An element could not be located on the page using the given search parameters.
    at XCUITestDriver.doNativeFind (/Users/user/node_modules/appium-xcuitest-driver/lib/commands/find.ts:205:13)
    at processTicksAndRejections (node:internal/process/task_queues:95:5)
    at XCUITestDriver.findNativeElementOrElements (/Users/user/node_modules/appium-xcuitest-driver/lib/commands/find.ts:130:7)
    at XCUITestDriver.findElOrEls (/Users/user/node_modules/appium-xcuitest-driver/lib/commands/find.ts:54:7)
    at XCUITestDriver.findElOrElsWithProcessing (/Users/user/.nvm/versions/node/v20.20.2/lib/node_modules/appium/node_modules/@appium/base-driver/lib/basedriver/commands/find.ts:60:12)
    at XCUITestDriver.findElement (/Users/user/.nvm/versions/node/v20.20.2/lib/node_modules/appium/node_modules/@appium/base-driver/lib/basedriver/commands/find.ts:75:12)
[2026-06-04 01:42:47] [INFO] [test_check_setting_tc119] ✅ PASSED (3.7s)
[2026-06-04 01:42:54] [INFO] [test_check_setting_tc119_1] ✅ PASSED (3.87s)
[2026-06-04 01:43:01] [INFO] [test_switch_nofti_tc120] ✅ PASSED (4.2s)
[2026-06-04 01:43:22] [INFO] [test_switch_smart_otp_tc121] ✅ PASSED (18.15s)
[2026-06-04 01:43:32] [INFO] [test_deals_and_gifts_tc122] ✅ PASSED (7.51s)
[2026-06-04 01:44:00] [INFO] [test_block_call_tc123] ✅ PASSED (24.96s)
[2026-06-04 01:44:11] [INFO] [test_block_call_tc124] ✅ PASSED (8.59s)
[2026-06-04 01:44:20] [INFO] [test_history_pakage_tc125] ✅ PASSED (6.08s)
[2026-06-04 01:44:26] [INFO] [test_history_pakage_tc126] ✅ PASSED (3.09s)
